// Jest Snapshot v1, https://goo.gl/fbAQLP

exports[`ScianTablaContenedoraComponent should render the component correctly 1`] = `
<div
  id="root1"
>
  <app-scian-tabla>
    <ng-titulo
      titulo="Clave S.C.I.A.N."
    >
      <div
        class="row"
      >
        <div
          class="col-md-12"
        >
          <h3>
            Clave S.C.I.A.N.
          </h3>
          <hr
            class="red"
          />
        </div>
      </div>
    </ng-titulo>
    <form
      class="ng-untouched ng-pristine ng-invalid"
      novalidate=""
    >
      <div
        class="row"
      >
        <div
          class="col-md-6"
        >
          <div
            class="form-group"
          >
            <app-catalogo-select
              class="ng-untouched ng-pristine ng-invalid"
              formcontrolname="clave"
              name="clave"
              required=""
            >
              <div
                class="ng-untouched ng-pristine ng-invalid"
              >
                <label
                  class="form-label text-left"
                >
                  Clave S.C.I.A.N.
                  <span
                    class="require"
                  >
                    *
                  </span>
                  
                  <span>
                    : 
                  </span>
                  
                  
                </label>
                
                
                <select
                  class="form-select form-control ng-untouched ng-pristine ng-invalid"
                  formcontrolname="selectControl"
                  id="undefined"
                  title="Seleccione una opción"
                >
                  <option
                    disabled=""
                    hidden=""
                    selected=""
                    value=""
                  >
                     Seleccione una opción 
                  </option>
                  
                </select>
                
              </div>
            </app-catalogo-select>
            
          </div>
        </div>
      </div>
      <div
        class="row"
      >
        <div
          class="col-md-6"
        >
          <div
            class="form-group"
          >
            <label
              class="form-label"
              for="scianDescripcion"
            >
               Descripción del S.C.I.A.N. 
              
            </label>
            <input
              class="form-control ng-untouched ng-pristine ng-invalid"
              formcontrolname="scianNino"
              id="scianDescripcion"
              placeholder="Seleccione una clave S.C.I.A.N. para ver la descripción"
              readonly=""
              type="text"
            />
          </div>
        </div>
      </div>
    </form>
    <div
      class="row mt-5 mb-5"
    >
      <div
        class="col-md-4"
      >
        <p>
          * Campos obligatorios
        </p>
      </div>
      <div
        class="col-md-8"
      >
        <div
          class="pull-right ml-2"
        >
          <button
            class="btn btn-default ms-2"
            name="eliminarScian"
            type="button"
          >
             Limpiar 
          </button>
          <button
            class="btn btn-default ms-2"
            name="eliminarScian"
            type="button"
          >
             Cancelar 
          </button>
          <button
            class="btn btn-primary ms-2"
            name="agregarScian"
            type="button"
          >
             Agregar 
          </button>
        </div>
      </div>
    </div>
    
  </app-scian-tabla>
</div>
`;
